// Jest Snapshot v1, https://goo.gl/fbAQLP

exports[`Footer should render correctly 1`] = `
<footer
  className="footer"
>
  <ul
    className="social"
  >
    <li
      className="social_twitter"
    >
      <a
        href="https://twitter.com/mindfuldevtest"
        rel="noreferrer"
        target="_blank"
      >
        Twitter
      </a>
    </li>
    <li
      className="social_linkedin"
    >
      <a
        href="https://www.linkedin.com/pjcalvov/"
        rel="noreferrer"
        target="_blank"
      >
        LinkedIn
      </a>
    </li>
  </ul>
  <div
    className="footer_copy"
  >
    Â© 
    1234
     coffeestain.io
  </div>
</footer>
`;
